MySQL Shell 8.0.32

Copyright (c) 2016, 2023, Oracle and/or its affiliates.
Oracle is a registered trademark of Oracle Corporation and/or its affiliates.
Other names may be trademarks of their respective owners.

Type '\help' or '\?' for help; '\quit' to exit.
 MySQL  JS > sql
ReferenceError: sql is not defined
 MySQL  JS > \sql
Switching to SQL mode... Commands end with ;
 MySQL  SQL > \connect
\connect [--mx|--mysqlx|--mc|--mysql] [--ssh <sshuri>] <URI>
 MySQL  SQL > \connect --mc root@localhost
Creating a Classic session to 'root@localhost'
Fetching global names for auto-completion... Press ^C to stop.
Your MySQL connection id is 8
Server version: 8.0.32 MySQL Community Server - GPL
No default schema selected; type \use <schema> to set one.
 MySQL  localhost:3306 ssl  SQL > show tables;
ERROR: 1046 (3D000): No database selected
 MySQL  localhost:3306 ssl  SQL > show databases;
+--------------------+
| Database           |
+--------------------+
| evaluacion_1       |
| information_schema |
| mysql              |
| performance_schema |
| sakila             |
| sys                |
| world              |
+--------------------+
7 rows in set (0.0015 sec)
 MySQL  localhost:3306 ssl  SQL > create database Agencia;
Query OK, 1 row affected (0.0042 sec)
 MySQL  localhost:3306 ssl  SQL > use AgenciaM
MySQL Error 1049: Unknown database 'agenciam'
 MySQL  localhost:3306 ssl  SQL > use Agencia
Default schema set to `Agencia`.
Fetching global names, object names from `agencia` for auto-completion... Press ^C to stop.
 MySQL  localhost:3306 ssl  agencia  SQL > show tables;
Empty set (0.0034 sec)
 MySQL  localhost:3306 ssl  agencia  SQL > create table Automovil(
                                        -> Numero_Serie varchar(50) key, marca varchar(50) not null,
                                        -> modelo varchar(50) not null,
                                        -> año int check(año>1900 and año<2025) not null,
                                        -> precio int check(precio>0) not null);
Query OK, 0 rows affected (0.0116 sec)
 MySQL  localhost:3306 ssl  agencia  SQL > show tables
                                        -> ;
+-------------------+
| Tables_in_agencia |
+-------------------+
| automovil         |
+-------------------+
1 row in set (0.0009 sec)
 MySQL  localhost:3306 ssl  agencia  SQL > create table Vendedor(
                                        -> clave varchar(50) auto-increment key,
                                        -> apellidos varchar
                                        -> ;
ERROR: 1064 (42000): You have an error in your SQL syntax; check the manual that corresponds to your MySQL server version for the right syntax to use near 'auto-increment key,
apellidos varchar' at line 2
 MySQL  localhost:3306 ssl  agencia  SQL > create table Vendedor( clave int auto-increment key,
                                        -> apellidos varchar(50) not null, nombre varcahr(50) not null,
                                        -> rfc varchar(13) not null,
                                        -> comision enum('3','5','10') not null)
                                        -> ;
ERROR: 1064 (42000): You have an error in your SQL syntax; check the manual that corresponds to your MySQL server version for the right syntax to use near 'auto-increment key,
apellidos varchar(50) not null, nombre varcahr(50) not null,' at line 1
 MySQL  localhost:3306 ssl  agencia  SQL > create table Vendedor( clave int auto_increment key, apellidos varchar(50) not null, nombre varcahr(50) not null, rfc varchar(13) not null, comision enum('3','5','10') not null) ;
ERROR: 1064 (42000): You have an error in your SQL syntax; check the manual that corresponds to your MySQL server version for the right syntax to use near 'varcahr(50) not null, rfc varchar(13) not null, comision enum('3','5','10') not ' at line 1
 MySQL  localhost:3306 ssl  agencia  SQL > create table Vendedor( clave int auto_increment key, apellidos varchar(50) not null, nombre varchar(50) not null, rfc varchar(13) not null, comision varcharenum('3','5','10') not null) ;
ERROR: 1064 (42000): You have an error in your SQL syntax; check the manual that corresponds to your MySQL server version for the right syntax to use near 'varcharenum('3','5','10') not null)' at line 1
 MySQL  localhost:3306 ssl  agencia  SQL > create table Vendedor( clave int auto_increment key, apellidos varchar(50) not null, nombre varchar(50) not null, rfc varchar(13) not null, comision enum('3','5','10') not null) ;
Query OK, 0 rows affected (0.0080 sec)
 MySQL  localhost:3306 ssl  agencia  SQL > show tables;
+-------------------+
| Tables_in_agencia |
+-------------------+
| automovil         |
| vendedor          |
+-------------------+
2 rows in set (0.0010 sec)
 MySQL  localhost:3306 ssl  agencia  SQL > create table clientes(
                                        -> clave int auto_increment key,
                                        -> apellidos varchar(50) not null,
                                        -> nombre varchar(50) not null,
                                        -> tipo_cliente enum('Fisica','Moral'),
                                        -> razon_social varchar(50),
                                        -> rfc varchar(13) not null);
Query OK, 0 rows affected (0.0075 sec)
 MySQL  localhost:3306 ssl  agencia  SQL > show tables;
+-------------------+
| Tables_in_agencia |
+-------------------+
| automovil         |
| clientes          |
| vendedor          |
+-------------------+
3 rows in set (0.0011 sec)
 MySQL  localhost:3306 ssl  agencia  SQL > insert into automovil (Numero_Serie,marca,modelo,año,precio)
                                        -> values ('ASD1568','MercedesBen','Chido',2015,19800);
Query OK, 1 row affected (0.0045 sec)
 MySQL  localhost:3306 ssl  agencia  SQL > insert into vendedor (clave, apellidos, nombre, rfc, comision)
                                        -> values (1,'Enriquez Parza','Victor','asd1313201021','3');
Query OK, 1 row affected (0.0024 sec)
 MySQL  localhost:3306 ssl  agencia  SQL > insert into cliente (calve, apellidos, nombre, tipo_cliente, razon_social, rfc)
                                        -> values (1,'Lopez Baeza','Gabriel','Fisica','Cliente','ads6565123987');
ERROR: 1146 (42S02): Table 'agencia.cliente' doesn't exist
 MySQL  localhost:3306 ssl  agencia  SQL > insert into clientes (calve, apellidos, nombre, tipo_cliente, razon_social, rfc) values (1,'Lopez Baeza','Gabriel','Fisica','Cliente','ads6565123987');
ERROR: 1054 (42S22): Unknown column 'calve' in 'field list'
 MySQL  localhost:3306 ssl  agencia  SQL > insert into clientes (clave, apellidos, nombre, tipo_cliente, razon_social, rfc) values (1,'Lopez Baeza','Gabriel','Fisica','Cliente','ads6565123987');
Query OK, 1 row affected (0.0018 sec)
 MySQL  localhost:3306 ssl  agencia  SQL > desc automovil;
+--------------+-------------+------+-----+---------+-------+
| Field        | Type        | Null | Key | Default | Extra |
+--------------+-------------+------+-----+---------+-------+
| Numero_Serie | varchar(50) | NO   | PRI | NULL    |       |
| marca        | varchar(50) | NO   |     | NULL    |       |
| modelo       | varchar(50) | NO   |     | NULL    |       |
| año          | int         | NO   |     | NULL    |       |
| precio       | int         | NO   |     | NULL    |       |
+--------------+-------------+------+-----+---------+-------+
5 rows in set (0.0022 sec)
 MySQL  localhost:3306 ssl  agencia  SQL > show table automovil;
ERROR: 1064 (42000): You have an error in your SQL syntax; check the manual that corresponds to your MySQL server version for the right syntax to use near 'automovil' at line 1
 MySQL  localhost:3306 ssl  agencia  SQL > select * from automovil;
+--------------+-------------+--------+------+--------+
| Numero_Serie | marca       | modelo | año | precio |
+--------------+-------------+--------+------+--------+
| ASD1568      | MercedesBen | Chido  | 2015 |  19800 |
+--------------+-------------+--------+------+--------+
1 row in set (0.0004 sec)
 MySQL  localhost:3306 ssl  agencia  SQL > insert into clientes (clave, apellidos, nombre, tipo_cliente, razon_social, rfc) values (1,'Lopez Baeza','Gabriel','Fisica','Cliente','ads6565123987');
ERROR: 1062 (23000): Duplicate entry '1' for key 'clientes.PRIMARY'
 MySQL  localhost:3306 ssl  agencia  SQL > insert into clientes (clave, apellidos, nombre, tipo_cliente, razon_social, rfc) values (2,'Lopez Baeza','Gabriel','Fisica','Cliente','ads6565123987');
Query OK, 1 row affected (0.0019 sec)
 MySQL  localhost:3306 ssl  agencia  SQL > insert into clientes (apellidos, nombre, tipo_cliente, razon_social, rfc) values ('Chavez Gomez','Ignacio','Moral','Cliente','ads6565123987');
Query OK, 1 row affected (0.0018 sec)
 MySQL  localhost:3306 ssl  agencia  SQL > select * from clientes;
+-------+--------------+---------+--------------+--------------+---------------+
| clave | apellidos    | nombre  | tipo_cliente | razon_social | rfc           |
+-------+--------------+---------+--------------+--------------+---------------+
|     1 | Lopez Baeza  | Gabriel | Fisica       | Cliente      | ads6565123987 |
|     2 | Lopez Baeza  | Gabriel | Fisica       | Cliente      | ads6565123987 |
|     3 | Chavez Gomez | Ignacio | Moral        | Cliente      | ads6565123987 |
+-------+--------------+---------+--------------+--------------+---------------+
3 rows in set (0.0005 sec)
 MySQL  localhost:3306 ssl  agencia  SQL > exit
                                        -> ;
ERROR: 1064 (42000): You have an error in your SQL syntax; check the manual that corresponds to your MySQL server version for the right syntax to use near 'exit' at line 1
 MySQL  localhost:3306 ssl  agencia  SQL > disconnect;
ERROR: 1064 (42000): You have an error in your SQL syntax; check the manual that corresponds to your MySQL server version for the right syntax to use near 'disconnect' at line 1
 MySQL  localhost:3306 ssl  agencia  SQL > \disconnect
 MySQL  SQL >