MySQL Shell 8.0.32

Copyright (c) 2016, 2023, Oracle and/or its affiliates.
Oracle is a registered trademark of Oracle Corporation and/or its affiliates.
Other names may be trademarks of their respective owners.

Type '\help' or '\?' for help; '\quit' to exit.
 MySQL  JS > \sql
Switching to SQL mode... Commands end with ;
 MySQL  SQL > \connect
\connect [--mx|--mysqlx|--mc|--mysql] [--ssh <sshuri>] <URI>
 MySQL  SQL > \connect --mc root@localhost
Creating a Classic session to 'root@localhost'
Fetching global names for auto-completion... Press ^C to stop.
Your MySQL connection id is 10
Server version: 8.0.32 MySQL Community Server - GPL
No default schema selected; type \use <schema> to set one.
 MySQL  localhost:3306 ssl  SQL > \databases
Unknown command: '\databases'
 MySQL  localhost:3306 ssl  SQL > show databases;
+--------------------+
| Database           |
+--------------------+
| information_schema |
| mysql              |
| performance_schema |
| sakila             |
| sys                |
| world              |
+--------------------+
6 rows in set (0.0092 sec)
 MySQL  localhost:3306 ssl  SQL > create database evaluacion_1;
Query OK, 1 row affected (0.0073 sec)
 MySQL  localhost:3306 ssl  SQL > use evaluacion_1;
Default schema set to `evaluacion_1`.
Fetching global names, object names from `evaluacion_1` for auto-completion... Press ^C to stop.
 MySQL  localhost:3306 ssl  evaluacion_1  SQL > create tables primer_tabla(
                                             -> int valor, nombre varchar(50));
ERROR: 1064 (42000): You have an error in your SQL syntax; check the manual that corresponds to your MySQL server version for the right syntax to use near 'tables primer_tabla(
int valor, nombre varchar(50))' at line 1
 MySQL  localhost:3306 ssl  evaluacion_1  SQL > create table primer_tabla(id int, nombre varchar(50));
Query OK, 0 rows affected (0.0386 sec)
 MySQL  localhost:3306 ssl  evaluacion_1  SQL > show tables;
+------------------------+
| Tables_in_evaluacion_1 |
+------------------------+
| primer_tabla           |
+------------------------+
1 row in set (0.0044 sec)
 MySQL  localhost:3306 ssl  evaluacion_1  SQL > desc primer_tabla;
+--------+-------------+------+-----+---------+-------+
| Field  | Type        | Null | Key | Default | Extra |
+--------+-------------+------+-----+---------+-------+
| id     | int         | YES  |     | NULL    |       |
| nombre | varchar(50) | YES  |     | NULL    |       |
+--------+-------------+------+-----+---------+-------+
2 rows in set (0.0014 sec)
 MySQL  localhost:3306 ssl  evaluacion_1  SQL > alter table primer_tabla
                                             -> add column edad int
                                             -> after nombre;
Query OK, 0 rows affected (0.0095 sec)

Records: 0  Duplicates: 0  Warnings: 0
 MySQL  localhost:3306 ssl  evaluacion_1  SQL > desc primer_tabla;
+--------+-------------+------+-----+---------+-------+
| Field  | Type        | Null | Key | Default | Extra |
+--------+-------------+------+-----+---------+-------+
| id     | int         | YES  |     | NULL    |       |
| nombre | varchar(50) | YES  |     | NULL    |       |
| edad   | int         | YES  |     | NULL    |       |
+--------+-------------+------+-----+---------+-------+
3 rows in set (0.0010 sec)
 MySQL  localhost:3306 ssl  evaluacion_1  SQL > alter table primer_tabla drop edad;
Query OK, 0 rows affected (0.0049 sec)

Records: 0  Duplicates: 0  Warnings: 0
 MySQL  localhost:3306 ssl  evaluacion_1  SQL > desc primer_tabla;
+--------+-------------+------+-----+---------+-------+
| Field  | Type        | Null | Key | Default | Extra |
+--------+-------------+------+-----+---------+-------+
| id     | int         | YES  |     | NULL    |       |
| nombre | varchar(50) | YES  |     | NULL    |       |
+--------+-------------+------+-----+---------+-------+
2 rows in set (0.0010 sec)
 MySQL  localhost:3306 ssl  evaluacion_1  SQL > alter table primer_tabla
                                             -> add column apellidos varchar(50)
                                             -> after nombre;
Query OK, 0 rows affected (0.0049 sec)

Records: 0  Duplicates: 0  Warnings: 0
 MySQL  localhost:3306 ssl  evaluacion_1  SQL > alter table primer_tabla drop apellidos;
Query OK, 0 rows affected (0.0041 sec)

Records: 0  Duplicates: 0  Warnings: 0
 MySQL  localhost:3306 ssl  evaluacion_1  SQL > alter table primer_tabla add column hapellidos varchar(50) after nombre;
Query OK, 0 rows affected (0.0047 sec)

Records: 0  Duplicates: 0  Warnings: 0
 MySQL  localhost:3306 ssl  evaluacion_1  SQL > alter table primer_tabla
                                             -> rename column hapellidos to apellidos;
Query OK, 0 rows affected (0.0048 sec)

Records: 0  Duplicates: 0  Warnings: 0
 MySQL  localhost:3306 ssl  evaluacion_1  SQL > desc primer_tabla;
+-----------+-------------+------+-----+---------+-------+
| Field     | Type        | Null | Key | Default | Extra |
+-----------+-------------+------+-----+---------+-------+
| id        | int         | YES  |     | NULL    |       |
| nombre    | varchar(50) | YES  |     | NULL    |       |
| apellidos | varchar(50) | YES  |     | NULL    |       |
+-----------+-------------+------+-----+---------+-------+
3 rows in set (0.0010 sec)
 MySQL  localhost:3306 ssl  evaluacion_1  SQL > modiify column nombre varchar(150);
ERROR: 1064 (42000): You have an error in your SQL syntax; check the manual that corresponds to your MySQL server version for the right syntax to use near 'modiify column nombre varchar(150)' at line 1
 MySQL  localhost:3306 ssl  evaluacion_1  SQL > modify column nombre varchar(250);
ERROR: 1064 (42000): You have an error in your SQL syntax; check the manual that corresponds to your MySQL server version for the right syntax to use near 'modify column nombre varchar(250)' at line 1
 MySQL  localhost:3306 ssl  evaluacion_1  SQL > alter table primer_tabla
                                             -> modify nombre varchar(250),
                                             -> modify apellidos varchar(250);
Query OK, 0 rows affected (0.0137 sec)

Records: 0  Duplicates: 0  Warnings: 0
 MySQL  localhost:3306 ssl  evaluacion_1  SQL > create table empleados;
ERROR: 4028 (HY000): A table must have at least one visible column.
 MySQL  localhost:3306 ssl  evaluacion_1  SQL > create table empleados(
                                             -> id int, nombre varchar(50),
                                             -> apellido varchar(50),
                                             -> fecha_nacimiento datetime,
                                             -> rfc varchar(13),
                                             -> ciudad_nacimiento text,
                                             -> estado int,
                                             -> numero_tel varchar(50));
Query OK, 0 rows affected (0.0066 sec)
 MySQL  localhost:3306 ssl  evaluacion_1  SQL > show tables;
+------------------------+
| Tables_in_evaluacion_1 |
+------------------------+
| empleados              |
| primer_tabla           |
+------------------------+
2 rows in set (0.0009 sec)
 MySQL  localhost:3306 ssl  evaluacion_1  SQL > alter table empleados
                                             -> add column nss varchar(20) after rfc,
                                             -> add pais varchar(10) after estado;
Query OK, 0 rows affected (0.0058 sec)

Records: 0  Duplicates: 0  Warnings: 0
 MySQL  localhost:3306 ssl  evaluacion_1  SQL > alter table empleados
                                             -> modify numero_tel varchar(50) to celular varchar(50);
ERROR: 1064 (42000): You have an error in your SQL syntax; check the manual that corresponds to your MySQL server version for the right syntax to use near 'to celular varchar(50)' at line 2
 MySQL  localhost:3306 ssl  evaluacion_1  SQL > alter table empleados rename num_tel to celular;
ERROR: 1064 (42000): You have an error in your SQL syntax; check the manual that corresponds to your MySQL server version for the right syntax to use near 'to celular' at line 1
 MySQL  localhost:3306 ssl  evaluacion_1  SQL > desc empleados;
+-------------------+-------------+------+-----+---------+-------+
| Field             | Type        | Null | Key | Default | Extra |
+-------------------+-------------+------+-----+---------+-------+
| id                | int         | YES  |     | NULL    |       |
| nombre            | varchar(50) | YES  |     | NULL    |       |
| apellido          | varchar(50) | YES  |     | NULL    |       |
| fecha_nacimiento  | datetime    | YES  |     | NULL    |       |
| rfc               | varchar(13) | YES  |     | NULL    |       |
| nss               | varchar(20) | YES  |     | NULL    |       |
| ciudad_nacimiento | text        | YES  |     | NULL    |       |
| estado            | int         | YES  |     | NULL    |       |
| pais              | varchar(10) | YES  |     | NULL    |       |
| numero_tel        | varchar(50) | YES  |     | NULL    |       |
+-------------------+-------------+------+-----+---------+-------+
10 rows in set (0.0011 sec)
 MySQL  localhost:3306 ssl  evaluacion_1  SQL > alter table empleados
                                             -> rename column numero_tel to celular;
Query OK, 0 rows affected (0.0049 sec)

Records: 0  Duplicates: 0  Warnings: 0
 MySQL  localhost:3306 ssl  evaluacion_1  SQL > alter table empleados
                                             -> add column tel_fijo varchar(50),
                                             -> add column id_depto int afeter id,
                                             -> add column iniciales varchar(10) after apellido;
ERROR: 1064 (42000): You have an error in your SQL syntax; check the manual that corresponds to your MySQL server version for the right syntax to use near 'afeter id,
add column iniciales varchar(10) after apellido' at line 3
 MySQL  localhost:3306 ssl  evaluacion_1  SQL > alter table empleados add column tel_fijo varchar(50), add column id_depto int after id, add column iniciales varchar(10) after apellido;
Query OK, 0 rows affected (0.0052 sec)

Records: 0  Duplicates: 0  Warnings: 0
 MySQL  localhost:3306 ssl  evaluacion_1  SQL > desc empleados;
+-------------------+-------------+------+-----+---------+-------+
| Field             | Type        | Null | Key | Default | Extra |
+-------------------+-------------+------+-----+---------+-------+
| id                | int         | YES  |     | NULL    |       |
| id_depto          | int         | YES  |     | NULL    |       |
| nombre            | varchar(50) | YES  |     | NULL    |       |
| apellido          | varchar(50) | YES  |     | NULL    |       |
| iniciales         | varchar(10) | YES  |     | NULL    |       |
| fecha_nacimiento  | datetime    | YES  |     | NULL    |       |
| rfc               | varchar(13) | YES  |     | NULL    |       |
| nss               | varchar(20) | YES  |     | NULL    |       |
| ciudad_nacimiento | text        | YES  |     | NULL    |       |
| estado            | int         | YES  |     | NULL    |       |
| pais              | varchar(10) | YES  |     | NULL    |       |
| celular           | varchar(50) | YES  |     | NULL    |       |
| tel_fijo          | varchar(50) | YES  |     | NULL    |       |
+-------------------+-------------+------+-----+---------+-------+
13 rows in set (0.0011 sec)
 MySQL  localhost:3306 ssl  evaluacion_1  SQL > show databases;
+--------------------+
| Database           |
+--------------------+
| evaluacion_1       |
| information_schema |
| mysql              |
| performance_schema |
| sakila             |
| sys                |
| world              |
+--------------------+
7 rows in set (0.0008 sec)